// Jest Snapshot v1, https://goo.gl/fbAQLP

exports[`renders successfully with props 1`] = `
<div>
  <div
    class="result"
  >
    <h1>
      Not found Falcone!
    </h1>
    <p>
      Time Taken: 
      200
    </p>
    <button>
      Retry
    </button>
  </div>
</div>
`;
