// Jest Snapshot v1, https://goo.gl/fbAQLP

exports[`renders successfully with props 1`] = `
<div>
  <div
    class="vehicleRadioButton1"
  >
    <div>
      <div>
        <input
          id="react-radio-button-group-1-Space pot"
          name="vehicleRadioButton1"
          type="radio"
          value="Space pot"
        />
        <label
          for="react-radio-button-group-1-Space pot"
        >
          Space pot (2)
        </label>
      </div>
      <div>
        <input
          checked=""
          id="react-radio-button-group-1-Rocket"
          name="vehicleRadioButton1"
          type="radio"
          value="Rocket"
        />
        <label
          for="react-radio-button-group-1-Rocket"
        >
          Rocket (1)
        </label>
      </div>
    </div>
  </div>
</div>
`;
